[backblue.gif]
[fade.gif]
[index.html]
[checkedtrades.online/j80eonskune28f3uyrgyquu-wpengine.netdna-ssl.com/wp-content/plugins/wp-rocket/assets/img/youtube.png]
[checkedtrades.online/j80eonskune28f3uyrgyquu-wpengine.netdna-ssl.com/wp-includes/js/jquery/jquery.minaf6caf6c.js]
[checkedtrades.online/j80eonskune28f3uyrgyquu-wpengine.netdna-ssl.com/wp-includes/js/jquery/jquery-migrate.mind617d617.js]
[checkedtrades.online/j80eonskune28f3uyrgyquu-wpengine.netdna-ssl.com/wp-content/cache/min/1/wp-content/plugins/stockdio-historical-chart/assets/stockdio_chart_historical-wp7158.277158]
[checkedtrades.online/wp-json/wp/v2/pages/18198.json]
[checkedtrades.online/wp-includes/wlwmanifest.xml]
[checkedtrades.online/j80eonskune28f3uyrgyquu-wpengine.netdna-ssl.com/wp-content/uploads/2021/03/cropped-favicon-32x32.png]
[checkedtrades.online/j80eonskune28f3uyrgyquu-wpengine.netdna-ssl.com/wp-content/uploads/2021/03/cropped-favicon-180x180.png]
[checkedtrades.online/j80eonskune28f3uyrgyquu-wpengine.netdna-ssl.com/wp-content/uploads/2021/05/CoinSmart-Logo-Light.png]
[checkedtrades.online/icons8-menu-250.png]
[checkedtrades.online/CoinSmart-Logo-Light.png]
[checkedtrades.online/j80eonskune28f3uyrgyquu-wpengine.netdna-ssl.com/wp-content/uploads/2021/01/TabletFront.png]
[checkedtrades.online/j80eonskune28f3uyrgyquu-wpengine.netdna-ssl.com/wp-content/uploads/2021/01/TabletBack.png]
[checkedtrades.online/j80eonskune28f3uyrgyquu-wpengine.netdna-ssl.com/wp-content/uploads/2021/01/phoneoverlay2.png]
[checkedtrades.online/j80eonskune28f3uyrgyquu-wpengine.netdna-ssl.com/wp-content/uploads/2021/01/Flying-iPhone-X-Mockups-v3-e1614339859975.png]
[checkedtrades.online/j80eonskune28f3uyrgyquu-wpengine.netdna-ssl.com/wp-content/uploads/2021/01/mobilephonesbkg2-1024x706.png]
[checkedtrades.online/j80eonskune28f3uyrgyquu-wpengine.netdna-ssl.com/wp-content/uploads/2021/03/Flying-iPhone-X-Mockup-v2-999x1024-1.jpg]
[checkedtrades.online/j80eonskune28f3uyrgyquu-wpengine.netdna-ssl.com/wp-content/uploads/2021/06/Cyrpto-coins_Prancheta-1-1-e1614334699486-1-1024x1024.png]
[checkedtrades.online/j80eonskune28f3uyrgyquu-wpengine.netdna-ssl.com/wp-content/uploads/2021/02/laptop.png]
[checkedtrades.online/j80eonskune28f3uyrgyquu-wpengine.netdna-ssl.com/wp-content/uploads/2021/02/MBD.png]
[checkedtrades.online/j80eonskune28f3uyrgyquu-wpengine.netdna-ssl.com/wp-content/uploads/2021/02/TLD.png]
[checkedtrades.online/j80eonskune28f3uyrgyquu-wpengine.netdna-ssl.com/wp-content/uploads/2021/02/BLD.png]
[checkedtrades.online/j80eonskune28f3uyrgyquu-wpengine.netdna-ssl.com/wp-content/uploads/2021/02/MTD.png]
[checkedtrades.online/j80eonskune28f3uyrgyquu-wpengine.netdna-ssl.com/wp-content/uploads/2021/02/pig-badge-904x1024.png]
[checkedtrades.online/j80eonskune28f3uyrgyquu-wpengine.netdna-ssl.com/wp-content/uploads/2021/02/BigPig_Prancheta2-1839x2048-1.png]
[checkedtrades.online/j80eonskune28f3uyrgyquu-wpengine.netdna-ssl.com/wp-content/uploads/2021/02/SmartCards_2-2002x2048-1.png]
[checkedtrades.online/j80eonskune28f3uyrgyquu-wpengine.netdna-ssl.com/wp-content/uploads/2021/02/SmartCards_4-2048x1446-1.png]
[checkedtrades.online/j80eonskune28f3uyrgyquu-wpengine.netdna-ssl.com/wp-content/uploads/2021/02/SmartCards_5-2048x1713-1.png]
[checkedtrades.online/j80eonskune28f3uyrgyquu-wpengine.netdna-ssl.com/wp-content/uploads/2021/02/chartpage-1.png]
[checkedtrades.online/j80eonskune28f3uyrgyquu-wpengine.netdna-ssl.com/wp-content/uploads/2021/02/SmartCards_3-2048x1919-1.png]
[checkedtrades.online/j80eonskune28f3uyrgyquu-wpengine.netdna-ssl.com/wp-content/uploads/2021/02/SmartCards_6-2046x2048-1.png]
[checkedtrades.online/j80eonskune28f3uyrgyquu-wpengine.netdna-ssl.com/wp-content/uploads/2021/01/app.png]
[checkedtrades.online/j80eonskune28f3uyrgyquu-wpengine.netdna-ssl.com/wp-content/uploads/2021/02/iMaccopia.png]
[checkedtrades.online/j80eonskune28f3uyrgyquu-wpengine.netdna-ssl.com/wp-content/uploads/2021/01/map3.png]
[checkedtrades.online/j80eonskune28f3uyrgyquu-wpengine.netdna-ssl.com/wp-content/uploads/2021/02/planetmobile02.png]
[checkedtrades.online/j80eonskune28f3uyrgyquu-wpengine.netdna-ssl.com/wp-content/plugins/elementor/assets/images/placeholder.png]
[checkedtrades.online/j80eonskune28f3uyrgyquu-wpengine.netdna-ssl.com/wp-content/uploads/2021/09/DxIuzwcZ.png]
[checkedtrades.online/j80eonskune28f3uyrgyquu-wpengine.netdna-ssl.com/wp-content/cache/min/1/wp-content/themes/coin-wp/cookie-bar/index71587158.js]
[checkedtrades.online/j80eonskune28f3uyrgyquu-wpengine.netdna-ssl.com/wp-content/cache/min/1/wp-content/plugins/dynamicconditions/Public/js/dynamic-conditions-public71587158.js]
[checkedtrades.online/j80eonskune28f3uyrgyquu-wpengine.netdna-ssl.com/wp-content/uploads/essential-addons-elementor/734e5f942.min6c9b6c9b.js]
[checkedtrades.online/j80eonskune28f3uyrgyquu-wpengine.netdna-ssl.com/wp-includes/js/jquery/ui/core.min35d035d0.js]
[checkedtrades.online/j80eonskune28f3uyrgyquu-wpengine.netdna-ssl.com/wp-includes/js/jquery/ui/mouse.min35d035d0.js]
[checkedtrades.online/j80eonskune28f3uyrgyquu-wpengine.netdna-ssl.com/wp-includes/js/jquery/ui/slider.min35d035d0.js]
[checkedtrades.online/j80eonskune28f3uyrgyquu-wpengine.netdna-ssl.com/wp-content/uploads/theplus-addons/theplus-post-18198.min59905990.js]
[checkedtrades.online/j80eonskune28f3uyrgyquu-wpengine.netdna-ssl.com/wp-content/plugins/jet-menu/assets/public/js/vue.mina117a117.js]
[checkedtrades.online/j80eonskune28f3uyrgyquu-wpengine.netdna-ssl.com/wp-content/cache/min/1/wp-content/plugins/jet-menu/assets/public/js/jet-menu-public-scriptfd82fd82.js]
[checkedtrades.online/j80eonskune28f3uyrgyquu-wpengine.netdna-ssl.com/wp-content/plugins/happy-elementor-addons/assets/js/happy-addons.minb4fcb4fc.js]
[checkedtrades.online/j80eonskune28f3uyrgyquu-wpengine.netdna-ssl.com/wp-includes/js/dist/vendor/regenerator-runtime.minb36ab36a.js]
[checkedtrades.online/j80eonskune28f3uyrgyquu-wpengine.netdna-ssl.com/wp-includes/js/dist/vendor/wp-polyfill.min2c7c2c7c.js]
[checkedtrades.online/j80eonskune28f3uyrgyquu-wpengine.netdna-ssl.com/wp-content/cache/min/1/wp-content/plugins/contact-form-7/modules/recaptcha/indexfd82fd82.js]
[checkedtrades.online/j80eonskune28f3uyrgyquu-wpengine.netdna-ssl.com/wp-content/cache/min/1/wp-content/themes/hello-presshero/assets/js/scriptsfd82fd82.js]
[checkedtrades.online/j80eonskune28f3uyrgyquu-wpengine.netdna-ssl.com/wp-content/cache/min/1/wp-content/themes/hello-presshero/assets/js/allfd82fd82.js]
[checkedtrades.online/j80eonskune28f3uyrgyquu-wpengine.netdna-ssl.com/wp-content/plugins/massive-cryptocurrency-widgets/assets/public/js/selectize.min725c725c.js]
[checkedtrades.online/j80eonskune28f3uyrgyquu-wpengine.netdna-ssl.com/wp-content/cache/min/1/wp-content/plugins/massive-cryptocurrency-widgets/assets/public/js/socket.iofd82.6bfd82.dela]
[checkedtrades.online/j80eonskune28f3uyrgyquu-wpengine.netdna-ssl.com/wp-content/plugins/massive-cryptocurrency-widgets/assets/public/js/common.min5b755b75.js]
[checkedtrades.online/j80eonskune28f3uyrgyquu-wpengine.netdna-ssl.com/wp-content/plugins/elementor-pro/assets/lib/smartmenus/jquery.smartmenus.minf269f269.js]
[checkedtrades.online/j80eonskune28f3uyrgyquu-wpengine.netdna-ssl.com/wp-content/plugins/happy-elementor-addons/assets/vendor/anime/lib/anime.minb4fcb4fc.js]
[checkedtrades.online/j80eonskune28f3uyrgyquu-wpengine.netdna-ssl.com/wp-includes/js/imagesloaded.mineda1eda1.js]
[checkedtrades.online/j80eonskune28f3uyrgyquu-wpengine.netdna-ssl.com/wp-content/plugins/elementor-pro/assets/js/webpack-pro.runtime.minee9aee9a.js]
[checkedtrades.online/j80eonskune28f3uyrgyquu-wpengine.netdna-ssl.com/wp-content/plugins/elementor/assets/js/webpack.runtime.mine1e3e1e3.js]
[checkedtrades.online/j80eonskune28f3uyrgyquu-wpengine.netdna-ssl.com/wp-content/plugins/elementor/assets/js/frontend-modules.mine1e3e1e3.js]
[checkedtrades.online/j80eonskune28f3uyrgyquu-wpengine.netdna-ssl.com/wp-content/plugins/elementor-pro/assets/lib/sticky/jquery.sticky.minee9aee9a.js]
[checkedtrades.online/j80eonskune28f3uyrgyquu-wpengine.netdna-ssl.com/wp-content/plugins/elementor-pro/assets/js/frontend.minee9aee9a.js]
[checkedtrades.online/j80eonskune28f3uyrgyquu-wpengine.netdna-ssl.com/wp-content/plugins/elementor/assets/lib/waypoints/waypoints.min05da05da.js]
[checkedtrades.online/j80eonskune28f3uyrgyquu-wpengine.netdna-ssl.com/wp-content/plugins/elementor/assets/lib/swiper/swiper.min48f548f5.js]
[checkedtrades.online/j80eonskune28f3uyrgyquu-wpengine.netdna-ssl.com/wp-content/plugins/elementor/assets/lib/share-link/share-link.mine1e3e1e3.js]
[checkedtrades.online/j80eonskune28f3uyrgyquu-wpengine.netdna-ssl.com/wp-content/plugins/elementor/assets/lib/dialog/dialog.mina288a288.js]
[checkedtrades.online/j80eonskune28f3uyrgyquu-wpengine.netdna-ssl.com/wp-content/plugins/elementor/assets/js/frontend.mine1e3e1e3.js]
[checkedtrades.online/j80eonskune28f3uyrgyquu-wpengine.netdna-ssl.com/wp-content/plugins/elementor-pro/assets/js/preloaded-elements-handlers.minee9aee9a.js]
[checkedtrades.online/j80eonskune28f3uyrgyquu-wpengine.netdna-ssl.com/wp-content/plugins/jet-elements/assets/js/jet-elements.min21bb21bb.js]
[checkedtrades.online/j80eonskune28f3uyrgyquu-wpengine.netdna-ssl.com/wp-content/cache/min/1/wp-content/plugins/jet-menu/assets/public/js/jet-menu-widgets-scriptsfd82fd82.js]
[checkedtrades.online/j80eonskune28f3uyrgyquu-wpengine.netdna-ssl.com/wp-content/plugins/jet-tabs/assets/js/jet-tabs-frontend.min61766176.js]
[checkedtrades.online/j80eonskune28f3uyrgyquu-wpengine.netdna-ssl.com/wp-content/plugins/elementor/assets/js/preloaded-modules.mine1e3e1e3.js]
[checkedtrades.online/j80eonskune28f3uyrgyquu-wpengine.netdna-ssl.com/wp-content/plugins/jet-blog/assets/js/jet-blog.minb212b212.js]
[checkedtrades.online/j80eonskune28f3uyrgyquu-wpengine.netdna-ssl.com/wp-content/plugins/wp-rocket/assets/js/lazyload/16.1/lazyload.min.js]
[ajax.googleapis.com/ajax/libs/jquery/3.5.1/jquery.min.js]
[checkedtrades.online/index.html]
[checkedtrades.online/index-2.html]
[checkedtrades.online/feed/index.html]
[checkedtrades.online/comments/feed/index.html]
[checkedtrades.online/j80eonskune28f3uyrgyquu-wpengine.netdna-ssl.com/wp-includes/css/dist/block-library/style.min080f080f.css]
[checkedtrades.online/j80eonskune28f3uyrgyquu-wpengine.netdna-ssl.com/wp-content/uploads/essential-addons-elementor/734e5f942.min6c9b6c9b.css]
[checkedtrades.online/j80eonskune28f3uyrgyquu-wpengine.netdna-ssl.com/wp-content/uploads/theplus-addons/theplus-post-18198.min59905990.css]
[checkedtrades.online/j80eonskune28f3uyrgyquu-wpengine.netdna-ssl.com/wp-content/themes/hello-elementor/style.min254d254d.css]
[checkedtrades.online/j80eonskune28f3uyrgyquu-wpengine.netdna-ssl.com/wp-content/themes/hello-elementor/theme.min254d254d.css]
[checkedtrades.online/j80eonskune28f3uyrgyquu-wpengine.netdna-ssl.com/wp-content/cache/min/1/wp-content/plugins/jet-menu/assets/public/lib/font-awesome/css/all.min71587158.css]
[checkedtrades.online/j80eonskune28f3uyrgyquu-wpengine.netdna-ssl.com/wp-content/plugins/jet-menu/assets/public/lib/font-awesome/css/v4-shims.minb683b683.css]
[checkedtrades.online/j80eonskune28f3uyrgyquu-wpengine.netdna-ssl.com/wp-content/cache/min/1/wp-content/plugins/jet-menu/assets/public/css/public71587158.css]
[checkedtrades.online/j80eonskune28f3uyrgyquu-wpengine.netdna-ssl.com/wp-content/plugins/jet-elements/assets/images/dummy-map.png]
[checkedtrades.online/j80eonskune28f3uyrgyquu-wpengine.netdna-ssl.com/wp-content/cache/min/1/wp-content/plugins/jet-elements/assets/css/jet-elements71587158.css]
[checkedtrades.online/j80eonskune28f3uyrgyquu-wpengine.netdna-ssl.com/wp-content/cache/min/1/wp-content/plugins/jet-elements/assets/css/jet-elements-skin71587158.css]
[checkedtrades.online/j80eonskune28f3uyrgyquu-wpengine.netdna-ssl.com/wp-content/cache/min/1/wp-content/plugins/elementor/assets/lib/eicons/css/elementor-icons.min71587158.css]
[checkedtrades.online/j80eonskune28f3uyrgyquu-wpengine.netdna-ssl.com/wp-content/plugins/elementor/assets/lib/animations/animations.mine1e3e1e3.css]
[checkedtrades.online/j80eonskune28f3uyrgyquu-wpengine.netdna-ssl.com/wp-content/plugins/elementor/assets/css/frontend-legacy.mine1e3e1e3.css]
[checkedtrades.online/j80eonskune28f3uyrgyquu-wpengine.netdna-ssl.com/wp-content/plugins/elementor/assets/css/frontend.mine1e3e1e3.css]
[checkedtrades.online/j80eonskune28f3uyrgyquu-wpengine.netdna-ssl.com/wp-content/cache/min/1/wp-content/uploads/elementor/css/post-1171587158.css]
[checkedtrades.online/j80eonskune28f3uyrgyquu-wpengine.netdna-ssl.com/wp-content/plugins/elementor-pro/assets/css/frontend.minee9aee9a.css]
[checkedtrades.online/j80eonskune28f3uyrgyquu-wpengine.netdna-ssl.com/wp-content/cache/min/1/wp-content/plugins/jet-blog/assets/css/jet-blog71587158.css]
[checkedtrades.online/j80eonskune28f3uyrgyquu-wpengine.netdna-ssl.com/wp-content/cache/min/1/wp-content/plugins/jet-tabs/assets/css/jet-tabs-frontend71587158.css]
[checkedtrades.online/j80eonskune28f3uyrgyquu-wpengine.netdna-ssl.com/wp-content/cache/min/1/wp-content/plugins/elementor/assets/lib/font-awesome/css/all.min71587158.css]
[checkedtrades.online/j80eonskune28f3uyrgyquu-wpengine.netdna-ssl.com/wp-content/plugins/elementor/assets/lib/font-awesome/css/v4-shims.min18491849.css]
[checkedtrades.online/j80eonskune28f3uyrgyquu-wpengine.netdna-ssl.com/wp-content/cache/min/1/wp-content/uploads/elementor/css/global71587158.css]
[www.coinsmart.com/wp-content/uploads/2021/03/BitcoinBck-2.png]
[checkedtrades.online/j80eonskune28f3uyrgyquu-wpengine.netdna-ssl.com/wp-content/cache/min/1/wp-content/uploads/elementor/css/post-1819871587158.css]
[checkedtrades.online/j80eonskune28f3uyrgyquu-wpengine.netdna-ssl.com/wp-content/cache/min/1/wp-content/uploads/elementor/css/post-1951071587158.css]
[checkedtrades.online/j80eonskune28f3uyrgyquu-wpengine.netdna-ssl.com/wp-content/cache/min/1/wp-content/plugins/happy-elementor-addons/assets/fonts/style.min71587158.css]
[checkedtrades.online/j80eonskune28f3uyrgyquu-wpengine.netdna-ssl.com/wp-content/cache/min/1/wp-content/plugins/elementor/assets/lib/font-awesome/css/font-awesome.min71587158.css]
[checkedtrades.online/j80eonskune28f3uyrgyquu-wpengine.netdna-ssl.com/wp-content/cache/min/1/wp-content/uploads/elementor/css/post-1950971587158.css]
[checkedtrades.online/j80eonskune28f3uyrgyquu-wpengine.netdna-ssl.com/wp-content/themes/hello-presshero/assets/images/bitcoin_icon_convertor.png]
[checkedtrades.online/j80eonskune28f3uyrgyquu-wpengine.netdna-ssl.com/wp-content/themes/hello-presshero/assets/images/ethirum_icon_convertor.png]
[checkedtrades.online/j80eonskune28f3uyrgyquu-wpengine.netdna-ssl.com/wp-content/cache/min/1/wp-content/themes/hello-presshero/style71587158.css]
[checkedtrades.online/j80eonskune28f3uyrgyquu-wpengine.netdna-ssl.com/wp-content/themes/hello-presshero/assets/images/caret_bottom.png]
[checkedtrades.online/j80eonskune28f3uyrgyquu-wpengine.netdna-ssl.com/wp-content/themes/hello-presshero/assets/images/C.png]
[checkedtrades.online/j80eonskune28f3uyrgyquu-wpengine.netdna-ssl.com/wp-content/themes/hello-presshero/assets/images/options_border.jpg]
[checkedtrades.online/j80eonskune28f3uyrgyquu-wpengine.netdna-ssl.com/wp-content/themes/hello-presshero/assets/images/options_aero.png]
[checkedtrades.online/j80eonskune28f3uyrgyquu-wpengine.netdna-ssl.com/wp-content/themes/hello-presshero/assets/images/aero_left.jpg]
[checkedtrades.online/j80eonskune28f3uyrgyquu-wpengine.netdna-ssl.com/wp-content/themes/hello-presshero/assets/images/aero_right.jpg]
[checkedtrades.online/j80eonskune28f3uyrgyquu-wpengine.netdna-ssl.com/wp-content/cache/min/1/wp-content/themes/hello-presshero/assets/css/coinsmart-styles71587158.css]
[checkedtrades.online/j80eonskune28f3uyrgyquu-wpengine.netdna-ssl.com/wp-content/cache/min/1/wp-content/plugins/massive-cryptocurrency-widgets/assets/public/css/style71587158.css]
[checkedtrades.online/j80eonskune28f3uyrgyquu-wpengine.netdna-ssl.com/wp-content/cache/min/1/wp-content/plugins/massive-cryptocurrency-widgets/assets/public/css/selectize.custom7158.207]
[checkedtrades.online/j80eonskune28f3uyrgyquu-wpengine.netdna-ssl.com/wp-content/plugins/massive-cryptocurrency-widgets/assets/public/css/jquery.dataTables.min47e347e3.css]
[checkedtrades.online/j80eonskune28f3uyrgyquu-wpengine.netdna-ssl.com/wp-content/plugins/elementor/assets/lib/font-awesome/css/fontawesome.min9e0b9e0b.css]
[checkedtrades.online/j80eonskune28f3uyrgyquu-wpengine.netdna-ssl.com/wp-content/cache/min/1/wp-content/plugins/elementor/assets/lib/font-awesome/css/solid.min71587158.css]
[checkedtrades.online/wp-json/index.html]
[checkedtrades.online/xmlrpc0db00db0.html]
[checkedtrades.online/j80eonskune28f3uyrgyquu-wpengine.netdna-ssl.com/wp-content/uploads/2021/03/cropped-favicon-192x192.png]
[www.amcharts.com/lib/3/plugins/export/export.css]
[checkedtrades.online/user/account/assets/js/vendor/modernizr-2.8.3.min.js]
[checkedtrades.online/user/account/assets/js/vendor/jquery-2.2.4.min.js]
[checkedtrades.online/user/account/assets/js/popper.min.js]
[checkedtrades.online/user/account/assets/js/bootstrap.min.js]
[checkedtrades.online/user/account/assets/js/owl.carousel.min.js]
[checkedtrades.online/user/account/assets/js/metisMenu.min.js]
[checkedtrades.online/user/account/assets/js/jquery.slimscroll.min.js]
[checkedtrades.online/user/account/assets/js/jquery.slicknav.min.js]
[checkedtrades.online/user/account/assets/js/plugins.js]
[checkedtrades.online/user/account/assets/js/scripts.js]
[checkedtrades.online/user/account/register.html]
[checkedtrades.online/j80eonskune28f3uyrgyquu-wpengine.netdna-ssl.com/wp-content/plugins/cf7-blacklist/public/js/wpcf7-blacklist-public8a548a54.js]
[checkedtrades.online/j80eonskune28f3uyrgyquu-wpengine.netdna-ssl.com/wp-content/plugins/elementor/assets/lib/font-awesome/js/v4-shims.min18491849.js]
[checkedtrades.online/j80eonskune28f3uyrgyquu-wpengine.netdna-ssl.com/wp-content/plugins/widget-google-reviews/static/js/wpac-time67346734.js]
[checkedtrades.online/j80eonskune28f3uyrgyquu-wpengine.netdna-ssl.com/wp-content/plugins/stockdio-historical-chart/assets/stockdio_chart_historical-wpd2b8d2b8.js]
[checkedtrades.online/wp-json/wp/v2/pages/19351.json]
[checkedtrades.online/j80eonskune28f3uyrgyquu-wpengine.netdna-ssl.com/wp-content/uploads/2021/05/crypto-screens_Prancheta-1-885x1024.png]
[checkedtrades.online/j80eonskune28f3uyrgyquu-wpengine.netdna-ssl.com/wp-content/uploads/2021/05/img_experienced.png]
[checkedtrades.online/j80eonskune28f3uyrgyquu-wpengine.netdna-ssl.com/wp-content/uploads/2021/05/BLD.png]
[checkedtrades.online/j80eonskune28f3uyrgyquu-wpengine.netdna-ssl.com/wp-content/uploads/2021/05/MBD.png]
[checkedtrades.online/j80eonskune28f3uyrgyquu-wpengine.netdna-ssl.com/wp-content/uploads/2021/05/MTD.png]
[checkedtrades.online/j80eonskune28f3uyrgyquu-wpengine.netdna-ssl.com/wp-content/uploads/2021/05/TLD.png]
[checkedtrades.online/j80eonskune28f3uyrgyquu-wpengine.netdna-ssl.com/wp-content/uploads/2021/06/CoinSmart-Dashboard.png]
[checkedtrades.online/j80eonskune28f3uyrgyquu-wpengine.netdna-ssl.com/wp-content/uploads/2021/05/About-Trust-Image.png]
[checkedtrades.online/j80eonskune28f3uyrgyquu-wpengine.netdna-ssl.com/wp-content/themes/coin-wp/cookie-bar/index.js]
[checkedtrades.online/j80eonskune28f3uyrgyquu-wpengine.netdna-ssl.com/wp-content/plugins/contact-form-7/includes/js/indexc225c225.js]
[checkedtrades.online/j80eonskune28f3uyrgyquu-wpengine.netdna-ssl.com/wp-content/plugins/dynamicconditions/Public/js/dynamic-conditions-publiccc1acc1a.js]
[checkedtrades.online/j80eonskune28f3uyrgyquu-wpengine.netdna-ssl.com/wp-content/uploads/essential-addons-elementor/734e5f942.minbe19be19.js]
[checkedtrades.online/j80eonskune28f3uyrgyquu-wpengine.netdna-ssl.com/wp-content/uploads/theplus-addons/theplus-post-19351.min3c373c37.js]
[checkedtrades.online/j80eonskune28f3uyrgyquu-wpengine.netdna-ssl.com/wp-content/plugins/jet-menu/assets/public/js/jet-menu-public-scripta7f4a7f4.js]
[checkedtrades.online/j80eonskune28f3uyrgyquu-wpengine.netdna-ssl.com/wp-content/plugins/contact-form-7/modules/recaptcha/indexc225c225.js]
[checkedtrades.online/j80eonskune28f3uyrgyquu-wpengine.netdna-ssl.com/wp-content/themes/hello-presshero/assets/js/scripts080f080f.js]
[checkedtrades.online/j80eonskune28f3uyrgyquu-wpengine.netdna-ssl.com/wp-content/themes/hello-presshero/assets/js/all080f080f.js]
[checkedtrades.online/j80eonskune28f3uyrgyquu-wpengine.netdna-ssl.com/wp-content/plugins/massive-cryptocurrency-widgets/assets/public/js/socket.io3c943c94.js]
[checkedtrades.online/j80eonskune28f3uyrgyquu-wpengine.netdna-ssl.com/wp-content/plugins/elementor/assets/lib/slick/slick.minc245c245.js]
[checkedtrades.online/j80eonskune28f3uyrgyquu-wpengine.netdna-ssl.com/wp-content/plugins/jet-menu/assets/public/js/jet-menu-widgets-scriptsa7f4a7f4.js]
[checkedtrades.online/j80eonskune28f3uyrgyquu-wpengine.netdna-ssl.com/wp-content/plugins/jet-tricks/assets/js/jet-tricks-frontendc412c412.js]
[checkedtrades.online/j80eonskune28f3uyrgyquu-wpengine.netdna-ssl.com/wp-content/plugins/theplus_elementor_addon/assets/js/main/event-tracker/plus-event-tracker.min080f080f.js]
[checkedtrades.online/about-us/index.html]
[checkedtrades.online/j80eonskune28f3uyrgyquu-wpengine.netdna-ssl.com/wp-content/plugins/theplus_elementor_addon/assets/js/main/section-column-link/plus-section-column-link.min080f.ee08]
[checkedtrades.online/wp-content/uploads/2021/02/1200x628-card-preview.png]
[checkedtrades.online/j80eonskune28f3uyrgyquu-wpengine.netdna-ssl.com/wp-content/cache/min/1/wp-content/plugins/cf7-blacklist/public/js/wpcf7-blacklist-publicd46bd46b.js]
[checkedtrades.online/j80eonskune28f3uyrgyquu-wpengine.netdna-ssl.com/wp-content/cache/min/1/wp-content/plugins/widget-google-reviews/static/js/wpac-timed46bd46b.js]
[checkedtrades.online/wp-json/wp/v2/pages/19516.json]
[checkedtrades.online/j80eonskune28f3uyrgyquu-wpengine.netdna-ssl.com/wp-content/uploads/2021/01/Logo.png]
[checkedtrades.online/j80eonskune28f3uyrgyquu-wpengine.netdna-ssl.com/wp-content/uploads/2021/05/BigPig_-919x1024.png]
[checkedtrades.online/j80eonskune28f3uyrgyquu-wpengine.netdna-ssl.com/wp-content/cache/min/1/wp-content/plugins/contact-form-7/includes/js/indexd46bd46b.js]
[checkedtrades.online/j80eonskune28f3uyrgyquu-wpengine.netdna-ssl.com/wp-content/uploads/essential-addons-elementor/a156226ce.min82a382a3.js]
[checkedtrades.online/j80eonskune28f3uyrgyquu-wpengine.netdna-ssl.com/wp-content/cache/min/1/wp-content/plugins/jet-tricks/assets/js/jet-tricks-frontendd46bd46b.js]
[checkedtrades.online/smartguarantee/index.html]
[checkedtrades.online/wp-json/wp/v2/pages/19634.json]
[client.crisp.chat/l.js]
[checkedtrades.online/j80eonskune28f3uyrgyquu-wpengine.netdna-ssl.com/wp-content/uploads/essential-addons-elementor/4f1926191.min836a836a.js]
[checkedtrades.online/contact-us/index.html]
[checkedtrades.online/user/account/login.html]
[static.addtoany.com/menu/page.js]
[www.google.com/recaptcha/api2c16.js]
[checkedtrades.online/_https_/crypto.coinsmart.com/register_Create.html]
[checkedtrades.online/user/account/login.php/index.html]
[checkedtrades.online/smartguarantee/index-2.html]
[checkedtrades.online/user/account/register.php/index.html]
[checkedtrades.online/j80eonskune28f3uyrgyquu-wpengine.netdna-ssl.com/wp-content/cache/min/1/wp-content/uploads/elementor/css/post-2221571587158.css]
[checkedtrades.online/j80eonskune28f3uyrgyquu-wpengine.netdna-ssl.com/wp-content/cache/min/1/wp-content/uploads/elementor/css/post-2221471587158.css]
[checkedtrades.online/j80eonskune28f3uyrgyquu-wpengine.netdna-ssl.com/wp-content/cache/min/1/wp-content/uploads/elementor/css/post-2015171587158.css]
[checkedtrades.online/j80eonskune28f3uyrgyquu-wpengine.netdna-ssl.com/wp-content/cache/min/1/wp-content/uploads/elementor/css/post-2014871587158.css]
[checkedtrades.online/j80eonskune28f3uyrgyquu-wpengine.netdna-ssl.com/wp-content/cache/min/1/wp-content/uploads/elementor/css/post-2014971587158.css]
[checkedtrades.online/j80eonskune28f3uyrgyquu-wpengine.netdna-ssl.com/wp-content/cache/min/1/wp-content/uploads/elementor/css/post-2015071587158.css]
[checkedtrades.online/j80eonskune28f3uyrgyquu-wpengine.netdna-ssl.com/wp-content/cache/min/1/wp-content/uploads/elementor/css/post-1980571587158.css]
[checkedtrades.online/j80eonskune28f3uyrgyquu-wpengine.netdna-ssl.com/wp-content/cache/min/1/wp-content/uploads/elementor/css/post-2218171587158.css]
[checkedtrades.online/www.google.com/recaptcha/api2c162c16.html]
[checkedtrades.online/www.coinsmart.com/wp-content/uploads/2021/01/Aeonik-Light.html]
[checkedtrades.online/www.coinsmart.com/wp-content/uploads/2021/02/mapbkg3.html]
[checkedtrades.online/j80eonskune28f3uyrgyquu-wpengine.netdna-ssl.com/wp-content/themes/hello-presshero/assets/css/owl.video.play.html]
[checkedtrades.online/j80eonskune28f3uyrgyquu-wpengine.netdna-ssl.com/wp-content/themes/hello-presshero/assets/images/coin_aero.html]
[checkedtrades.online/j80eonskune28f3uyrgyquu-wpengine.netdna-ssl.com/wp-content/plugins/massive-cryptocurrency-widgets/assets/public/images/sort_both.html]
[checkedtrades.online/j80eonskune28f3uyrgyquu-wpengine.netdna-ssl.com/wp-content/plugins/massive-cryptocurrency-widgets/assets/public/images/sort_asc.html]
[checkedtrades.online/j80eonskune28f3uyrgyquu-wpengine.netdna-ssl.com/wp-content/plugins/massive-cryptocurrency-widgets/assets/public/images/sort_desc.html]
[checkedtrades.online/j80eonskune28f3uyrgyquu-wpengine.netdna-ssl.com/wp-content/plugins/massive-cryptocurrency-widgets/assets/public/images/sort_asc_disabled.html]
[checkedtrades.online/j80eonskune28f3uyrgyquu-wpengine.netdna-ssl.com/wp-content/plugins/massive-cryptocurrency-widgets/assets/public/images/sort_desc_disabled.html]
[checkedtrades.online/user/account/assets/images/icon/favicon.html]
[checkedtrades.online/user/account/assets/css/bootstrap.min.css]
[checkedtrades.online/user/account/assets/fonts/fontawesome-webfont5b62.eot]
[checkedtrades.online/user/account/assets/fonts/fontawesome-webfontd41d.eot]
[checkedtrades.online/user/account/assets/fonts/fontawesome-webfont5b62.woff2]
[checkedtrades.online/user/account/assets/fonts/fontawesome-webfont5b62.woff]
[checkedtrades.online/user/account/assets/fonts/fontawesome-webfont5b62.ttf]
[checkedtrades.online/user/account/assets/css/font-awesome.min.css]
[checkedtrades.online/user/account/assets/fonts/themify9f24.eot]
[checkedtrades.online/user/account/assets/fonts/themifyd41d.eot]
[checkedtrades.online/user/account/assets/fonts/themify9f24.woff]
[checkedtrades.online/user/account/assets/fonts/themify9f24.ttf]
[checkedtrades.online/user/account/assets/css/themify-icons.css]
[checkedtrades.online/user/account/assets/css/metisMenu.css]
[checkedtrades.online/user/account/assets/css/owl.carousel.min.css]
[checkedtrades.online/user/account/assets/css/slicknav.min.css]
[www.amcharts.com/lib/3/plugins/export/export.css]
[checkedtrades.online/user/account/assets/css/typography.css]
[checkedtrades.online/user/account/assets/css/default-css.css]
[checkedtrades.online/user/account/assets/images/bg/singin-bg.jpg]
[checkedtrades.online/user/account/assets/css/styles.css]
[checkedtrades.online/user/account/assets/css/responsive.css]
[checkedtrades.online/j80eonskune28f3uyrgyquu-wpengine.netdna-ssl.com/wp-content/plugins/cf7-blacklist/public/css/wpcf7-blacklist-public8a548a54.css]
[checkedtrades.online/j80eonskune28f3uyrgyquu-wpengine.netdna-ssl.com/wp-content/plugins/contact-form-7/includes/css/stylesc225c225.css]
[checkedtrades.online/j80eonskune28f3uyrgyquu-wpengine.netdna-ssl.com/wp-content/uploads/essential-addons-elementor/734e5f942.minbe19be19.css]
[checkedtrades.online/j80eonskune28f3uyrgyquu-wpengine.netdna-ssl.com/wp-content/uploads/theplus-addons/theplus-post-19351.min3c373c37.css]
[checkedtrades.online/j80eonskune28f3uyrgyquu-wpengine.netdna-ssl.com/wp-content/plugins/theplus_elementor_addon/assets/css/extra/fonts/slick.eot]
[checkedtrades.online/j80eonskune28f3uyrgyquu-wpengine.netdna-ssl.com/wp-content/plugins/theplus_elementor_addon/assets/css/extra/fonts/slickd41dd41d.eot]
[checkedtrades.online/j80eonskune28f3uyrgyquu-wpengine.netdna-ssl.com/wp-content/plugins/theplus_elementor_addon/assets/css/extra/fonts/slick.woff]
[checkedtrades.online/j80eonskune28f3uyrgyquu-wpengine.netdna-ssl.com/wp-content/plugins/theplus_elementor_addon/assets/css/extra/fonts/slick.ttf]
[checkedtrades.online/j80eonskune28f3uyrgyquu-wpengine.netdna-ssl.com/wp-content/plugins/theplus_elementor_addon/assets/css/extra/fonts/iconsmindd41dd41d.eot]
[checkedtrades.online/j80eonskune28f3uyrgyquu-wpengine.netdna-ssl.com/wp-content/plugins/theplus_elementor_addon/assets/css/extra/fonts/iconsmind.woff]
[checkedtrades.online/j80eonskune28f3uyrgyquu-wpengine.netdna-ssl.com/wp-content/plugins/theplus_elementor_addon/assets/css/extra/fonts/iconsmind.ttf]
[checkedtrades.online/j80eonskune28f3uyrgyquu-wpengine.netdna-ssl.com/wp-content/plugins/theplus_elementor_addon/assets/css/extra/iconsmind.min36533653.css]
[checkedtrades.online/j80eonskune28f3uyrgyquu-wpengine.netdna-ssl.com/wp-content/plugins/jet-menu/assets/public/lib/font-awesome/css/all.minb683b683.css]
[checkedtrades.online/j80eonskune28f3uyrgyquu-wpengine.netdna-ssl.com/wp-content/plugins/jet-menu/assets/public/css/publica7f4a7f4.css]
[checkedtrades.online/j80eonskune28f3uyrgyquu-wpengine.netdna-ssl.com/wp-content/plugins/jet-elements/assets/css/jet-elements21bb21bb.css]
[checkedtrades.online/j80eonskune28f3uyrgyquu-wpengine.netdna-ssl.com/wp-content/plugins/jet-elements/assets/css/jet-elements-skin21bb21bb.css]
[checkedtrades.online/j80eonskune28f3uyrgyquu-wpengine.netdna-ssl.com/wp-content/plugins/elementor/assets/lib/eicons/css/elementor-icons.min21f921f9.css]
[checkedtrades.online/j80eonskune28f3uyrgyquu-wpengine.netdna-ssl.com/wp-content/uploads/elementor/css/post-1174b374b3.css]
[checkedtrades.online/j80eonskune28f3uyrgyquu-wpengine.netdna-ssl.com/wp-content/plugins/jet-blog/assets/css/jet-blogb212b212.css]
[checkedtrades.online/j80eonskune28f3uyrgyquu-wpengine.netdna-ssl.com/wp-content/plugins/jet-tabs/assets/css/jet-tabs-frontend61766176.css]
[checkedtrades.online/j80eonskune28f3uyrgyquu-wpengine.netdna-ssl.com/wp-content/plugins/jet-tricks/assets/css/jet-tricks-frontendc412c412.css]
[checkedtrades.online/j80eonskune28f3uyrgyquu-wpengine.netdna-ssl.com/wp-content/plugins/elementor/assets/lib/font-awesome/css/all.min18491849.css]
[checkedtrades.online/j80eonskune28f3uyrgyquu-wpengine.netdna-ssl.com/wp-content/uploads/elementor/css/global3daf3daf.css]
[checkedtrades.online/j80eonskune28f3uyrgyquu-wpengine.netdna-ssl.com/wp-content/uploads/elementor/css/post-193513c373c37.css]
[checkedtrades.online/j80eonskune28f3uyrgyquu-wpengine.netdna-ssl.com/wp-content/uploads/elementor/css/post-19500348e348e.css]
[checkedtrades.online/j80eonskune28f3uyrgyquu-wpengine.netdna-ssl.com/wp-content/plugins/happy-elementor-addons/assets/fonts/happy-icons.woff2]
[checkedtrades.online/j80eonskune28f3uyrgyquu-wpengine.netdna-ssl.com/wp-content/plugins/happy-elementor-addons/assets/fonts/happy-icons.woff]
[checkedtrades.online/j80eonskune28f3uyrgyquu-wpengine.netdna-ssl.com/wp-content/plugins/happy-elementor-addons/assets/fonts/style.minb4fcb4fc.css]
[checkedtrades.online/j80eonskune28f3uyrgyquu-wpengine.netdna-ssl.com/wp-content/plugins/elementor/assets/lib/font-awesome/css/font-awesome.min18491849.css]
[checkedtrades.online/j80eonskune28f3uyrgyquu-wpengine.netdna-ssl.com/wp-content/uploads/elementor/css/post-19509b454b454.css]
[checkedtrades.online/j80eonskune28f3uyrgyquu-wpengine.netdna-ssl.com/wp-content/plugins/widget-google-reviews/static/css/google-review67346734.css]
[checkedtrades.online/j80eonskune28f3uyrgyquu-wpengine.netdna-ssl.com/wp-content/themes/hello-presshero/assets/images/litecoin_icon_convertor.png]
[checkedtrades.online/j80eonskune28f3uyrgyquu-wpengine.netdna-ssl.com/wp-content/themes/hello-presshero/assets/images/ripple_icon_convertor.png]
[checkedtrades.online/j80eonskune28f3uyrgyquu-wpengine.netdna-ssl.com/wp-content/themes/hello-presshero/assets/images/bitcoincash_icon_convertor.png]
[checkedtrades.online/j80eonskune28f3uyrgyquu-wpengine.netdna-ssl.com/wp-content/themes/hello-presshero/assets/images/dash_icon_convertor.png]
[checkedtrades.online/j80eonskune28f3uyrgyquu-wpengine.netdna-ssl.com/wp-content/themes/hello-presshero/assets/images/monero_icon_convertor.png]
[checkedtrades.online/j80eonskune28f3uyrgyquu-wpengine.netdna-ssl.com/wp-content/themes/hello-presshero/assets/images/canada_flag_new.png]
[checkedtrades.online/j80eonskune28f3uyrgyquu-wpengine.netdna-ssl.com/wp-content/themes/hello-presshero/assets/images/usa_flag_new.png]
[checkedtrades.online/j80eonskune28f3uyrgyquu-wpengine.netdna-ssl.com/wp-content/themes/hello-presshero/assets/images/reverse_icon.png]
[checkedtrades.online/j80eonskune28f3uyrgyquu-wpengine.netdna-ssl.com/wp-content/themes/hello-presshero/style8a548a54.css]
[checkedtrades.online/j80eonskune28f3uyrgyquu-wpengine.netdna-ssl.com/wp-content/themes/hello-presshero/assets/css/coinsmart-styles080f080f.css]
[checkedtrades.online/j80eonskune28f3uyrgyquu-wpengine.netdna-ssl.com/wp-content/plugins/massive-cryptocurrency-widgets/assets/public/img/sort_both.png]
[checkedtrades.online/j80eonskune28f3uyrgyquu-wpengine.netdna-ssl.com/wp-content/plugins/massive-cryptocurrency-widgets/assets/public/img/sort_asc.png]
[checkedtrades.online/j80eonskune28f3uyrgyquu-wpengine.netdna-ssl.com/wp-content/plugins/massive-cryptocurrency-widgets/assets/public/img/sort_desc.png]
[checkedtrades.online/j80eonskune28f3uyrgyquu-wpengine.netdna-ssl.com/wp-content/plugins/massive-cryptocurrency-widgets/assets/public/img/sort_asc_dark.png]
[checkedtrades.online/j80eonskune28f3uyrgyquu-wpengine.netdna-ssl.com/wp-content/plugins/massive-cryptocurrency-widgets/assets/public/img/sort_desc_dark.png]
[checkedtrades.online/j80eonskune28f3uyrgyquu-wpengine.netdna-ssl.com/wp-content/plugins/massive-cryptocurrency-widgets/assets/public/img/sort_both_dark.png]
[checkedtrades.online/j80eonskune28f3uyrgyquu-wpengine.netdna-ssl.com/wp-content/plugins/massive-cryptocurrency-widgets/assets/public/img/rss.png]
[checkedtrades.online/j80eonskune28f3uyrgyquu-wpengine.netdna-ssl.com/wp-content/plugins/massive-cryptocurrency-widgets/assets/public/css/style5b755b75.css]
[checkedtrades.online/j80eonskune28f3uyrgyquu-wpengine.netdna-ssl.com/wp-content/plugins/massive-cryptocurrency-widgets/assets/public/css/selectize.custom5b755b75.css]
[checkedtrades.online/j80eonskune28f3uyrgyquu-wpengine.netdna-ssl.com/wp-content/plugins/elementor/assets/lib/font-awesome/css/solid.min9e0b9e0b.css]
[checkedtrades.online/index7c597c59.html]
[checkedtrades.online/account/register.php/index.html]
[checkedtrades.online/static.addtoany.com/menu/page.html]
[checkedtrades.online/blog/why-coinsmart-is-going-public-a-letter-from-our-ceo/index.html]
[checkedtrades.online/markets/index.html]
[checkedtrades.online/features/index.html]
[checkedtrades.online/fees/index.html]
[checkedtrades.online/premium/index.html]
[checkedtrades.online/about-us/contact-us/index.html]
[checkedtrades.online/about-us/smartguarantee/index.html]
[checkedtrades.online/j80eonskune28f3uyrgyquu-wpengine.netdna-ssl.com/wp-content/uploads/elementor/css/post-221812ece2ece.css]
[checkedtrades.online/j80eonskune28f3uyrgyquu-wpengine.netdna-ssl.com/wp-content/cache/min/1/wp-content/plugins/contact-form-7/includes/css/stylesd46bd46b.css]
[checkedtrades.online/j80eonskune28f3uyrgyquu-wpengine.netdna-ssl.com/wp-content/uploads/essential-addons-elementor/a156226ce.min82a382a3.css]
[checkedtrades.online/j80eonskune28f3uyrgyquu-wpengine.netdna-ssl.com/wp-content/cache/min/1/wp-content/plugins/jet-tricks/assets/css/jet-tricks-frontendd46bd46b.css]
[checkedtrades.online/j80eonskune28f3uyrgyquu-wpengine.netdna-ssl.com/wp-content/cache/min/1/wp-content/uploads/elementor/css/post-1951666516651.css]
[checkedtrades.online/j80eonskune28f3uyrgyquu-wpengine.netdna-ssl.com/wp-content/cache/min/1/wp-content/uploads/elementor/css/post-19500d46bd46b.css]
[checkedtrades.online/j80eonskune28f3uyrgyquu-wpengine.netdna-ssl.com/wp-content/cache/min/1/wp-content/plugins/widget-google-reviews/static/css/google-reviewd46bd46b.css]
[checkedtrades.online/indexa3e8a3e8.html]
[checkedtrades.online/account/login.html]
[checkedtrades.online/account/register.html]
[checkedtrades.online/account/login.php/index.html]
[checkedtrades.online/smartguarantee/contact-us/index.html]
[checkedtrades.online/smartguarantee/smartguarantee/index.html]
[checkedtrades.online/j80eonskune28f3uyrgyquu-wpengine.netdna-ssl.com/wp-content/cache/min/1/wp-content/uploads/elementor/css/post-1959386e386e3.css]
[checkedtrades.online/j80eonskune28f3uyrgyquu-wpengine.netdna-ssl.com/wp-content/cache/min/1/wp-content/plugins/elementor/assets/lib/font-awesome/css/regular.min86e386e3.css]
[checkedtrades.online/j80eonskune28f3uyrgyquu-wpengine.netdna-ssl.com/wp-content/uploads/essential-addons-elementor/4f1926191.min836a836a.css]
[checkedtrades.online/j80eonskune28f3uyrgyquu-wpengine.netdna-ssl.com/wp-content/cache/min/1/wp-content/uploads/elementor/css/post-19634041d041d.css]
[checkedtrades.online/j80eonskune28f3uyrgyquu-wpengine.netdna-ssl.com/wp-content/cache/min/1/wp-content/plugins/elementor/assets/lib/font-awesome/css/brands.mindb02db02.css]
[checkedtrades.online/indexffb7ffb7.html]
[checkedtrades.online/privacy/index.html]
[checkedtrades.online/contact-us/contact-us/index.html]
[checkedtrades.online/contact-us/smartguarantee/index.html]
[checkedtrades.online/j80eonskune28f3uyrgyquu-wpengine.netdna-ssl.com/wp-content/cache/min/1/wp-content/uploads/elementor/css/post-19636041d041d.css]
[checkedtrades.online/j80eonskune28f3uyrgyquu-wpengine.netdna-ssl.com/wp-content/cache/min/1/wp-content/uploads/elementor/css/post-19639041d041d.css]
[checkedtrades.online/j80eonskune28f3uyrgyquu-wpengine.netdna-ssl.com/wp-content/cache/min/1/wp-content/uploads/elementor/css/post-19640041d041d.css]
[checkedtrades.online/user/account/login.php/assets/images/icon/favicon.html]
[checkedtrades.online/user/account/login.php/assets/css/bootstrap.min.html]
[checkedtrades.online/user/account/login.php/assets/css/font-awesome.min.html]
[checkedtrades.online/user/account/login.php/assets/css/themify-icons.html]
[checkedtrades.online/user/account/login.php/assets/css/metisMenu.html]
[checkedtrades.online/user/account/login.php/assets/css/owl.carousel.min.html]
[checkedtrades.online/user/account/login.php/assets/css/slicknav.min.html]
[checkedtrades.online/user/account/login.php/assets/css/typography.html]
[checkedtrades.online/user/account/login.php/assets/css/default-css.html]
[checkedtrades.online/user/account/login.php/assets/css/styles.html]
[checkedtrades.online/user/account/login.php/assets/css/responsive.html]
[checkedtrades.online/user/account/login.php/assets/js/vendor/modernizr-2.8.3.min.html]
[checkedtrades.online/user/account/login.php/register.html]
[checkedtrades.online/user/account/login.php/assets/js/vendor/jquery-2.2.4.min.html]
[checkedtrades.online/user/account/login.php/assets/js/popper.min.html]
[checkedtrades.online/user/account/login.php/assets/js/bootstrap.min.html]
[checkedtrades.online/user/account/login.php/assets/js/owl.carousel.min.html]
[checkedtrades.online/user/account/login.php/assets/js/metisMenu.min.html]
[checkedtrades.online/user/account/login.php/assets/js/jquery.slimscroll.min.html]
[checkedtrades.online/user/account/login.php/assets/js/jquery.slicknav.min.html]
[checkedtrades.online/user/account/login.php/assets/js/plugins.html]
[checkedtrades.online/user/account/login.php/assets/js/scripts.html]
[checkedtrades.online/user/account/register.php/assets/images/icon/favicon.html]
[checkedtrades.online/user/account/register.php/assets/css/bootstrap.min.html]
[checkedtrades.online/user/account/register.php/assets/css/font-awesome.min.html]
[checkedtrades.online/user/account/register.php/assets/css/themify-icons.html]
[checkedtrades.online/user/account/register.php/assets/css/metisMenu.html]
[checkedtrades.online/user/account/register.php/assets/css/owl.carousel.min.html]
[checkedtrades.online/user/account/register.php/assets/css/slicknav.min.html]
[checkedtrades.online/user/account/register.php/assets/css/typography.html]
[checkedtrades.online/user/account/register.php/assets/css/default-css.html]
[checkedtrades.online/user/account/register.php/assets/css/styles.html]
[checkedtrades.online/user/account/register.php/assets/css/responsive.html]
[checkedtrades.online/user/account/register.php/assets/js/vendor/modernizr-2.8.3.min.html]
[checkedtrades.online/user/account/register.php/login.html]
[checkedtrades.online/user/account/register.php/assets/js/vendor/jquery-2.2.4.min.html]
[checkedtrades.online/user/account/register.php/assets/js/popper.min.html]
[checkedtrades.online/user/account/register.php/assets/js/bootstrap.min.html]
[checkedtrades.online/user/account/register.php/assets/js/owl.carousel.min.html]
[checkedtrades.online/user/account/register.php/assets/js/metisMenu.min.html]
[checkedtrades.online/user/account/register.php/assets/js/jquery.slimscroll.min.html]
[checkedtrades.online/user/account/register.php/assets/js/jquery.slicknav.min.html]
[checkedtrades.online/user/account/register.php/assets/js/plugins.html]
[checkedtrades.online/user/account/register.php/assets/js/scripts.html]
[checkedtrades.online/user/account/assets/fonts/fontawesome-webfont5b62.svg]
[checkedtrades.online/user/account/assets/fonts/themify9f24.svg]
[checkedtrades.online/user/account/assets/css/owl.video.play.html]
[checkedtrades.online/j80eonskune28f3uyrgyquu-wpengine.netdna-ssl.com/wp-content/plugins/theplus_elementor_addon/assets/css/extra/fonts/slick.svg]
[checkedtrades.online/www.coinsmart.com/wp-content/uploads/2021/01/Aeonik-Light-2.html]
[checkedtrades.online/www.coinsmart.com/wp-content/uploads/2021/01/Aeonik-Bold.html]
[checkedtrades.online/www.coinsmart.com/wp-content/uploads/2021/01/Aeonik-Bold-2.html]
[checkedtrades.online/j80eonskune28f3uyrgyquu-wpengine.netdna-ssl.com/wp-content/plugins/happy-elementor-addons/assets/fonts/happy-icons.svg]
[checkedtrades.online/j80eonskune28f3uyrgyquu-wpengine.netdna-ssl.com/wp-content/themes/hello-presshero/assets/images/cardano.svg]
[checkedtrades.online/j80eonskune28f3uyrgyquu-wpengine.netdna-ssl.com/wp-content/themes/hello-presshero/assets/images/USDT.svg]
[checkedtrades.online/j80eonskune28f3uyrgyquu-wpengine.netdna-ssl.com/wp-content/themes/hello-presshero/assets/images/BitcoinABC.svg]
[checkedtrades.online/j80eonskune28f3uyrgyquu-wpengine.netdna-ssl.com/wp-content/themes/hello-presshero/assets/images/EOS.svg]
[checkedtrades.online/j80eonskune28f3uyrgyquu-wpengine.netdna-ssl.com/wp-content/themes/hello-presshero/assets/images/NEO.svg]
[checkedtrades.online/j80eonskune28f3uyrgyquu-wpengine.netdna-ssl.com/wp-content/themes/hello-presshero/assets/images/XLM.svg]
[checkedtrades.online/www.coinsmart.com/wp-content/uploads/2021/05/Contact-Us-Hero.html]
[checkedtrades.online/user/account/login.php/assets/images/icon/assets/images/icon/favicon.html]
[checkedtrades.online/user/account/login.php/assets/images/icon/assets/css/bootstrap.min.html]
[checkedtrades.online/user/account/login.php/assets/images/icon/assets/css/font-awesome.min.html]
[checkedtrades.online/user/account/login.php/assets/images/icon/assets/css/themify-icons.html]
[checkedtrades.online/user/account/login.php/assets/images/icon/assets/css/metisMenu.html]
[checkedtrades.online/user/account/login.php/assets/images/icon/assets/css/owl.carousel.min.html]
[checkedtrades.online/user/account/login.php/assets/images/icon/assets/css/slicknav.min.html]
[checkedtrades.online/user/account/login.php/assets/images/icon/assets/css/typography.html]
[checkedtrades.online/user/account/login.php/assets/images/icon/assets/css/default-css.html]
[checkedtrades.online/user/account/login.php/assets/images/icon/assets/css/styles.html]
[checkedtrades.online/user/account/login.php/assets/images/icon/assets/css/responsive.html]
[checkedtrades.online/user/account/login.php/assets/images/icon/assets/js/vendor/modernizr-2.8.3.min.html]
[checkedtrades.online/user/account/login.php/assets/images/icon/register.html]
[checkedtrades.online/user/account/login.php/assets/images/icon/assets/js/vendor/jquery-2.2.4.min.html]
[checkedtrades.online/user/account/login.php/assets/images/icon/assets/js/popper.min.html]
[checkedtrades.online/user/account/login.php/assets/images/icon/assets/js/bootstrap.min.html]
[checkedtrades.online/user/account/login.php/assets/images/icon/assets/js/owl.carousel.min.html]
[checkedtrades.online/user/account/login.php/assets/images/icon/assets/js/metisMenu.min.html]
[checkedtrades.online/user/account/login.php/assets/images/icon/assets/js/jquery.slimscroll.min.html]
[checkedtrades.online/user/account/login.php/assets/images/icon/assets/js/jquery.slicknav.min.html]
[checkedtrades.online/user/account/login.php/assets/images/icon/assets/js/plugins.html]
[checkedtrades.online/user/account/login.php/assets/images/icon/assets/js/scripts.html]
[checkedtrades.online/user/account/login.php/assets/css/assets/images/icon/favicon.html]
[checkedtrades.online/user/account/login.php/assets/css/assets/css/bootstrap.min.html]
[checkedtrades.online/user/account/login.php/assets/css/assets/css/font-awesome.min.html]
[checkedtrades.online/user/account/login.php/assets/css/assets/css/themify-icons.html]
[checkedtrades.online/user/account/login.php/assets/css/assets/css/metisMenu.html]
[checkedtrades.online/user/account/login.php/assets/css/assets/css/owl.carousel.min.html]
[checkedtrades.online/user/account/login.php/assets/css/assets/css/slicknav.min.html]
[checkedtrades.online/user/account/login.php/assets/css/assets/css/typography.html]
[checkedtrades.online/user/account/login.php/assets/css/assets/css/default-css.html]
[checkedtrades.online/user/account/login.php/assets/css/assets/css/styles.html]
[checkedtrades.online/user/account/login.php/assets/css/assets/css/responsive.html]
[checkedtrades.online/user/account/login.php/assets/css/assets/js/vendor/modernizr-2.8.3.min.html]
[checkedtrades.online/user/account/login.php/assets/css/register.html]
[checkedtrades.online/user/account/login.php/assets/css/assets/js/vendor/jquery-2.2.4.min.html]
[checkedtrades.online/user/account/login.php/assets/css/assets/js/popper.min.html]
[checkedtrades.online/user/account/login.php/assets/css/assets/js/bootstrap.min.html]
[checkedtrades.online/user/account/login.php/assets/css/assets/js/owl.carousel.min.html]
[checkedtrades.online/user/account/login.php/assets/css/assets/js/metisMenu.min.html]
[checkedtrades.online/user/account/login.php/assets/css/assets/js/jquery.slimscroll.min.html]
[checkedtrades.online/user/account/login.php/assets/css/assets/js/jquery.slicknav.min.html]
[checkedtrades.online/user/account/login.php/assets/css/assets/js/plugins.html]
[checkedtrades.online/user/account/login.php/assets/css/assets/js/scripts.html]
[checkedtrades.online/user/account/login.php/assets/js/vendor/assets/images/icon/favicon.html]
[checkedtrades.online/user/account/login.php/assets/js/vendor/assets/css/bootstrap.min.html]
[checkedtrades.online/user/account/login.php/assets/js/vendor/assets/css/font-awesome.min.html]
[checkedtrades.online/user/account/login.php/assets/js/vendor/assets/css/themify-icons.html]
[checkedtrades.online/user/account/login.php/assets/js/vendor/assets/css/metisMenu.html]
[checkedtrades.online/user/account/login.php/assets/js/vendor/assets/css/owl.carousel.min.html]
[checkedtrades.online/user/account/login.php/assets/js/vendor/assets/css/slicknav.min.html]
[checkedtrades.online/user/account/login.php/assets/js/vendor/assets/css/typography.html]
[checkedtrades.online/user/account/login.php/assets/js/vendor/assets/css/default-css.html]
[checkedtrades.online/user/account/login.php/assets/js/vendor/assets/css/styles.html]
[checkedtrades.online/user/account/login.php/assets/js/vendor/assets/css/responsive.html]
[checkedtrades.online/user/account/login.php/assets/js/vendor/assets/js/vendor/modernizr-2.8.3.min.html]
[checkedtrades.online/user/account/login.php/assets/js/vendor/register.html]
[checkedtrades.online/user/account/login.php/assets/js/vendor/assets/js/vendor/jquery-2.2.4.min.html]
[checkedtrades.online/user/account/login.php/assets/js/vendor/assets/js/popper.min.html]
[checkedtrades.online/user/account/login.php/assets/js/vendor/assets/js/bootstrap.min.html]
[checkedtrades.online/user/account/login.php/assets/js/vendor/assets/js/owl.carousel.min.html]
[checkedtrades.online/user/account/login.php/assets/js/vendor/assets/js/metisMenu.min.html]
[checkedtrades.online/user/account/login.php/assets/js/vendor/assets/js/jquery.slimscroll.min.html]
[checkedtrades.online/user/account/login.php/assets/js/vendor/assets/js/jquery.slicknav.min.html]
[checkedtrades.online/user/account/login.php/assets/js/vendor/assets/js/plugins.html]
[checkedtrades.online/user/account/login.php/assets/js/vendor/assets/js/scripts.html]
[checkedtrades.online/user/account/login.php/assets/js/assets/images/icon/favicon.html]
[checkedtrades.online/user/account/login.php/assets/js/assets/css/bootstrap.min.html]
[checkedtrades.online/user/account/login.php/assets/js/assets/css/font-awesome.min.html]
[checkedtrades.online/user/account/login.php/assets/js/assets/css/themify-icons.html]
[checkedtrades.online/user/account/login.php/assets/js/assets/css/metisMenu.html]
[checkedtrades.online/user/account/login.php/assets/js/assets/css/owl.carousel.min.html]
[checkedtrades.online/user/account/login.php/assets/js/assets/css/slicknav.min.html]
[checkedtrades.online/user/account/login.php/assets/js/assets/css/typography.html]
[checkedtrades.online/user/account/login.php/assets/js/assets/css/default-css.html]
[checkedtrades.online/user/account/login.php/assets/js/assets/css/styles.html]
[checkedtrades.online/user/account/login.php/assets/js/assets/css/responsive.html]
[checkedtrades.online/user/account/login.php/assets/js/assets/js/vendor/modernizr-2.8.3.min.html]
[checkedtrades.online/user/account/login.php/assets/js/register.html]
[checkedtrades.online/user/account/login.php/assets/js/assets/js/vendor/jquery-2.2.4.min.html]
[checkedtrades.online/user/account/login.php/assets/js/assets/js/popper.min.html]
[checkedtrades.online/user/account/login.php/assets/js/assets/js/bootstrap.min.html]
[checkedtrades.online/user/account/login.php/assets/js/assets/js/owl.carousel.min.html]
[checkedtrades.online/user/account/login.php/assets/js/assets/js/metisMenu.min.html]
[checkedtrades.online/user/account/login.php/assets/js/assets/js/jquery.slimscroll.min.html]
[checkedtrades.online/user/account/login.php/assets/js/assets/js/jquery.slicknav.min.html]
[checkedtrades.online/user/account/login.php/assets/js/assets/js/plugins.html]
[checkedtrades.online/user/account/login.php/assets/js/assets/js/scripts.html]
[checkedtrades.online/user/account/register.php/assets/images/icon/assets/images/icon/favicon.html]
[checkedtrades.online/user/account/register.php/assets/images/icon/assets/css/bootstrap.min.html]
[checkedtrades.online/user/account/register.php/assets/images/icon/assets/css/font-awesome.min.html]
[checkedtrades.online/user/account/register.php/assets/images/icon/assets/css/themify-icons.html]
[checkedtrades.online/user/account/register.php/assets/images/icon/assets/css/metisMenu.html]
[checkedtrades.online/user/account/register.php/assets/images/icon/assets/css/owl.carousel.min.html]
[checkedtrades.online/user/account/register.php/assets/images/icon/assets/css/slicknav.min.html]
[checkedtrades.online/user/account/register.php/assets/images/icon/assets/css/typography.html]
[checkedtrades.online/user/account/register.php/assets/images/icon/assets/css/default-css.html]
[checkedtrades.online/user/account/register.php/assets/images/icon/assets/css/styles.html]
[checkedtrades.online/user/account/register.php/assets/images/icon/assets/css/responsive.html]
[checkedtrades.online/user/account/register.php/assets/images/icon/assets/js/vendor/modernizr-2.8.3.min.html]
[checkedtrades.online/user/account/register.php/assets/images/icon/login.html]
[checkedtrades.online/user/account/register.php/assets/images/icon/assets/js/vendor/jquery-2.2.4.min.html]
[checkedtrades.online/user/account/register.php/assets/images/icon/assets/js/popper.min.html]
[checkedtrades.online/user/account/register.php/assets/images/icon/assets/js/bootstrap.min.html]
[checkedtrades.online/user/account/register.php/assets/images/icon/assets/js/owl.carousel.min.html]
[checkedtrades.online/user/account/register.php/assets/images/icon/assets/js/metisMenu.min.html]
[checkedtrades.online/user/account/register.php/assets/images/icon/assets/js/jquery.slimscroll.min.html]
[checkedtrades.online/user/account/register.php/assets/images/icon/assets/js/jquery.slicknav.min.html]
[checkedtrades.online/user/account/register.php/assets/images/icon/assets/js/plugins.html]
[checkedtrades.online/user/account/register.php/assets/images/icon/assets/js/scripts.html]
[checkedtrades.online/user/account/register.php/assets/css/assets/images/icon/favicon.html]
[checkedtrades.online/user/account/register.php/assets/css/assets/css/bootstrap.min.html]
[checkedtrades.online/user/account/register.php/assets/css/assets/css/font-awesome.min.html]
[checkedtrades.online/user/account/register.php/assets/css/assets/css/themify-icons.html]
[checkedtrades.online/user/account/register.php/assets/css/assets/css/metisMenu.html]
[checkedtrades.online/user/account/register.php/assets/css/assets/css/owl.carousel.min.html]
[checkedtrades.online/user/account/register.php/assets/css/assets/css/slicknav.min.html]
[checkedtrades.online/user/account/register.php/assets/css/assets/css/typography.html]
[checkedtrades.online/user/account/register.php/assets/css/assets/css/default-css.html]
[checkedtrades.online/user/account/register.php/assets/css/assets/css/styles.html]
[checkedtrades.online/user/account/register.php/assets/css/assets/css/responsive.html]
[checkedtrades.online/user/account/register.php/assets/css/assets/js/vendor/modernizr-2.8.3.min.html]
[checkedtrades.online/user/account/register.php/assets/css/login.html]
[checkedtrades.online/user/account/register.php/assets/css/assets/js/vendor/jquery-2.2.4.min.html]
[checkedtrades.online/user/account/register.php/assets/css/assets/js/popper.min.html]
[checkedtrades.online/user/account/register.php/assets/css/assets/js/bootstrap.min.html]
[checkedtrades.online/user/account/register.php/assets/css/assets/js/owl.carousel.min.html]
[checkedtrades.online/user/account/register.php/assets/css/assets/js/metisMenu.min.html]
[checkedtrades.online/user/account/register.php/assets/css/assets/js/jquery.slimscroll.min.html]
[checkedtrades.online/user/account/register.php/assets/css/assets/js/jquery.slicknav.min.html]
[checkedtrades.online/user/account/register.php/assets/css/assets/js/plugins.html]
[checkedtrades.online/user/account/register.php/assets/css/assets/js/scripts.html]
[checkedtrades.online/user/account/register.php/assets/js/vendor/assets/images/icon/favicon.html]
[checkedtrades.online/user/account/register.php/assets/js/vendor/assets/css/bootstrap.min.html]
[checkedtrades.online/user/account/register.php/assets/js/vendor/assets/css/font-awesome.min.html]
[checkedtrades.online/user/account/register.php/assets/js/vendor/assets/css/themify-icons.html]
[checkedtrades.online/user/account/register.php/assets/js/vendor/assets/css/metisMenu.html]
[checkedtrades.online/user/account/register.php/assets/js/vendor/assets/css/owl.carousel.min.html]
[checkedtrades.online/user/account/register.php/assets/js/vendor/assets/css/slicknav.min.html]
[checkedtrades.online/user/account/register.php/assets/js/vendor/assets/css/typography.html]
[checkedtrades.online/user/account/register.php/assets/js/vendor/assets/css/default-css.html]
[checkedtrades.online/user/account/register.php/assets/js/vendor/assets/css/styles.html]
[checkedtrades.online/user/account/register.php/assets/js/vendor/assets/css/responsive.html]
[checkedtrades.online/user/account/register.php/assets/js/vendor/assets/js/vendor/modernizr-2.8.3.min.html]
[checkedtrades.online/user/account/register.php/assets/js/vendor/login.html]
[checkedtrades.online/user/account/register.php/assets/js/vendor/assets/js/vendor/jquery-2.2.4.min.html]
[checkedtrades.online/user/account/register.php/assets/js/vendor/assets/js/popper.min.html]
[checkedtrades.online/user/account/register.php/assets/js/vendor/assets/js/bootstrap.min.html]
[checkedtrades.online/user/account/register.php/assets/js/vendor/assets/js/owl.carousel.min.html]
[checkedtrades.online/user/account/register.php/assets/js/vendor/assets/js/metisMenu.min.html]
[checkedtrades.online/user/account/register.php/assets/js/vendor/assets/js/jquery.slimscroll.min.html]
[checkedtrades.online/user/account/register.php/assets/js/vendor/assets/js/jquery.slicknav.min.html]
[checkedtrades.online/user/account/register.php/assets/js/vendor/assets/js/plugins.html]
[checkedtrades.online/user/account/register.php/assets/js/vendor/assets/js/scripts.html]
[checkedtrades.online/user/account/register.php/assets/js/assets/images/icon/favicon.html]
[checkedtrades.online/user/account/register.php/assets/js/assets/css/bootstrap.min.html]
[checkedtrades.online/user/account/register.php/assets/js/assets/css/font-awesome.min.html]
[checkedtrades.online/user/account/register.php/assets/js/assets/css/themify-icons.html]
[checkedtrades.online/user/account/register.php/assets/js/assets/css/metisMenu.html]
[checkedtrades.online/user/account/register.php/assets/js/assets/css/owl.carousel.min.html]
[checkedtrades.online/user/account/register.php/assets/js/assets/css/slicknav.min.html]
[checkedtrades.online/user/account/register.php/assets/js/assets/css/typography.html]
[checkedtrades.online/user/account/register.php/assets/js/assets/css/default-css.html]
[checkedtrades.online/user/account/register.php/assets/js/assets/css/styles.html]
[checkedtrades.online/user/account/register.php/assets/js/assets/css/responsive.html]
[checkedtrades.online/user/account/register.php/assets/js/assets/js/vendor/modernizr-2.8.3.min.html]
[checkedtrades.online/user/account/register.php/assets/js/login.html]
[checkedtrades.online/user/account/register.php/assets/js/assets/js/vendor/jquery-2.2.4.min.html]
[checkedtrades.online/user/account/register.php/assets/js/assets/js/popper.min.html]
[checkedtrades.online/user/account/register.php/assets/js/assets/js/bootstrap.min.html]
[checkedtrades.online/user/account/register.php/assets/js/assets/js/owl.carousel.min.html]
[checkedtrades.online/user/account/register.php/assets/js/assets/js/metisMenu.min.html]
[checkedtrades.online/user/account/register.php/assets/js/assets/js/jquery.slimscroll.min.html]
[checkedtrades.online/user/account/register.php/assets/js/assets/js/plugins.html]
[checkedtrades.online/user/account/register.php/assets/js/assets/js/scripts.html]
[code.tidio.co_443/oxdlprbfyyx5kntwztejyseaqqy0jrgd.js]
[j80eonskune28f3uyrgyquu-wpengine.netdna-ssl.com/wp-content/uploads/2021/05/MTD.png]
[j80eonskune28f3uyrgyquu-wpengine.netdna-ssl.com/wp-content/uploads/2021/05/BLD.png]
[j80eonskune28f3uyrgyquu-wpengine.netdna-ssl.com/wp-content/uploads/2021/05/TLD.png]
[j80eonskune28f3uyrgyquu-wpengine.netdna-ssl.com/wp-content/uploads/2021/05/MBD.png]
[j80eonskune28f3uyrgyquu-wpengine.netdna-ssl.com/wp-includes/css/dist/block-library/style.min080f.css]
[j80eonskune28f3uyrgyquu-wpengine.netdna-ssl.com/wp-content/plugins/cf7-blacklist/public/css/wpcf7-blacklist-public8a54.css]
[j80eonskune28f3uyrgyquu-wpengine.netdna-ssl.com/wp-content/plugins/contact-form-7/includes/css/stylesc225.css]
[j80eonskune28f3uyrgyquu-wpengine.netdna-ssl.com/wp-content/uploads/essential-addons-elementor/ea1d43322.minf54c.css]
[j80eonskune28f3uyrgyquu-wpengine.netdna-ssl.com/wp-content/themes/hello-elementor/style.min254d.css]
[j80eonskune28f3uyrgyquu-wpengine.netdna-ssl.com/wp-content/themes/hello-elementor/theme.min254d.css]
[j80eonskune28f3uyrgyquu-wpengine.netdna-ssl.com/wp-content/plugins/jet-menu/assets/public/lib/font-awesome/css/all.minb683.css]
[j80eonskune28f3uyrgyquu-wpengine.netdna-ssl.com/wp-content/plugins/jet-menu/assets/public/lib/font-awesome/css/v4-shims.minb683.css]
[j80eonskune28f3uyrgyquu-wpengine.netdna-ssl.com/wp-content/plugins/jet-menu/assets/public/css/publica7f4.css]
[j80eonskune28f3uyrgyquu-wpengine.netdna-ssl.com/wp-content/plugins/jet-elements/assets/css/jet-elements21bb.css]
[j80eonskune28f3uyrgyquu-wpengine.netdna-ssl.com/wp-content/plugins/jet-elements/assets/css/jet-elements-skin21bb.css]
[j80eonskune28f3uyrgyquu-wpengine.netdna-ssl.com/wp-content/plugins/elementor/assets/lib/eicons/css/elementor-icons.min21f9.css]
[j80eonskune28f3uyrgyquu-wpengine.netdna-ssl.com/wp-content/plugins/elementor/assets/lib/animations/animations.mine1e3.css]
[j80eonskune28f3uyrgyquu-wpengine.netdna-ssl.com/wp-content/plugins/elementor/assets/css/frontend-legacy.mine1e3.css]
[j80eonskune28f3uyrgyquu-wpengine.netdna-ssl.com/wp-content/plugins/elementor/assets/css/frontend.mine1e3.css]
[j80eonskune28f3uyrgyquu-wpengine.netdna-ssl.com/wp-content/uploads/elementor/css/post-1174b3.css]
[j80eonskune28f3uyrgyquu-wpengine.netdna-ssl.com/wp-content/plugins/elementor-pro/assets/css/frontend.minee9a.css]
[j80eonskune28f3uyrgyquu-wpengine.netdna-ssl.com/wp-content/plugins/jet-blog/assets/css/jet-blogb212.css]
[j80eonskune28f3uyrgyquu-wpengine.netdna-ssl.com/wp-content/plugins/jet-tabs/assets/css/jet-tabs-frontend6176.css]
[j80eonskune28f3uyrgyquu-wpengine.netdna-ssl.com/wp-content/plugins/jet-tricks/assets/css/jet-tricks-frontendc412.css]
[j80eonskune28f3uyrgyquu-wpengine.netdna-ssl.com/wp-content/plugins/elementor/assets/lib/font-awesome/css/all.min1849.css]
[j80eonskune28f3uyrgyquu-wpengine.netdna-ssl.com/wp-content/plugins/elementor/assets/lib/font-awesome/css/v4-shims.min1849.css]
[j80eonskune28f3uyrgyquu-wpengine.netdna-ssl.com/wp-content/uploads/elementor/css/global3daf.css]
[j80eonskune28f3uyrgyquu-wpengine.netdna-ssl.com/wp-content/uploads/elementor/css/post-19500348e.css]
[j80eonskune28f3uyrgyquu-wpengine.netdna-ssl.com/wp-content/plugins/happy-elementor-addons/assets/fonts/style.minb4fc.css]
[j80eonskune28f3uyrgyquu-wpengine.netdna-ssl.com/wp-content/plugins/elementor/assets/lib/font-awesome/css/font-awesome.min1849.css]
[j80eonskune28f3uyrgyquu-wpengine.netdna-ssl.com/wp-content/uploads/elementor/css/post-19509b454.css]
[j80eonskune28f3uyrgyquu-wpengine.netdna-ssl.com/wp-content/uploads/elementor/css/post-19519dda0.css]
[j80eonskune28f3uyrgyquu-wpengine.netdna-ssl.com/wp-content/plugins/widget-google-reviews/static/css/google-review6734.css]
[j80eonskune28f3uyrgyquu-wpengine.netdna-ssl.com/wp-content/plugins/add-to-any/addtoany.min9be6.css]
[j80eonskune28f3uyrgyquu-wpengine.netdna-ssl.com/wp-content/themes/hello-presshero/style8a54.css]
[j80eonskune28f3uyrgyquu-wpengine.netdna-ssl.com/wp-content/themes/hello-presshero/assets/css/coinsmart-styles080f.css]
[j80eonskune28f3uyrgyquu-wpengine.netdna-ssl.com/wp-content/plugins/massive-cryptocurrency-widgets/assets/public/css/style5b75.css]
[j80eonskune28f3uyrgyquu-wpengine.netdna-ssl.com/wp-content/plugins/massive-cryptocurrency-widgets/assets/public/css/selectize.custom5b75.css]
[j80eonskune28f3uyrgyquu-wpengine.netdna-ssl.com/wp-content/plugins/massive-cryptocurrency-widgets/assets/public/css/jquery.dataTables.min47e3.css]
[j80eonskune28f3uyrgyquu-wpengine.netdna-ssl.com/wp-content/plugins/wp-rocket/assets/img/youtube.png]
[j80eonskune28f3uyrgyquu-wpengine.netdna-ssl.com/wp-content/plugins/elementor/assets/lib/font-awesome/css/fontawesome.min9e0b.css]
[j80eonskune28f3uyrgyquu-wpengine.netdna-ssl.com/wp-content/plugins/elementor/assets/lib/font-awesome/css/solid.min9e0b.css]
[j80eonskune28f3uyrgyquu-wpengine.netdna-ssl.com/wp-includes/js/jquery/jquery.minaf6c.js]
[j80eonskune28f3uyrgyquu-wpengine.netdna-ssl.com/wp-includes/js/jquery/jquery-migrate.mind617.js]
[j80eonskune28f3uyrgyquu-wpengine.netdna-ssl.com/wp-content/plugins/add-to-any/addtoany.min4963.js]
[j80eonskune28f3uyrgyquu-wpengine.netdna-ssl.com/wp-content/plugins/cf7-blacklist/public/js/wpcf7-blacklist-public8a54.js]
[j80eonskune28f3uyrgyquu-wpengine.netdna-ssl.com/wp-content/plugins/elementor/assets/lib/font-awesome/js/v4-shims.min1849.js]
[j80eonskune28f3uyrgyquu-wpengine.netdna-ssl.com/wp-content/plugins/widget-google-reviews/static/js/wpac-time6734.js]
[j80eonskune28f3uyrgyquu-wpengine.netdna-ssl.com/wp-content/plugins/stockdio-historical-chart/assets/stockdio_chart_historical-wpd2b8.js]
[j80eonskune28f3uyrgyquu-wpengine.netdna-ssl.com/wp-content/uploads/2021/03/cropped-favicon-32x32.png]
[j80eonskune28f3uyrgyquu-wpengine.netdna-ssl.com/wp-content/uploads/2021/03/cropped-favicon-192x192.png]
[j80eonskune28f3uyrgyquu-wpengine.netdna-ssl.com/wp-content/uploads/2021/03/cropped-favicon-180x180.png]
[j80eonskune28f3uyrgyquu-wpengine.netdna-ssl.com/wp-content/uploads/2021/01/Logo.png]
[j80eonskune28f3uyrgyquu-wpengine.netdna-ssl.com/wp-content/uploads/elementor/thumbs/CoinSmart-Logo-Dark-pgloxn8xemewiqkrax6tk5hp0slg4vlsy2bj30fj0w.png]
[j80eonskune28f3uyrgyquu-wpengine.netdna-ssl.com/wp-content/uploads/2021/05/CoinSmart-Logo-Light.png]
[j80eonskune28f3uyrgyquu-wpengine.netdna-ssl.com/wp-content/themes/coin-wp/cookie-bar/index.js]
[j80eonskune28f3uyrgyquu-wpengine.netdna-ssl.com/wp-includes/js/dist/vendor/regenerator-runtime.minb36a.js]
[j80eonskune28f3uyrgyquu-wpengine.netdna-ssl.com/wp-includes/js/dist/vendor/wp-polyfill.min2c7c.js]
[j80eonskune28f3uyrgyquu-wpengine.netdna-ssl.com/wp-content/plugins/contact-form-7/includes/js/indexc225.js]
[j80eonskune28f3uyrgyquu-wpengine.netdna-ssl.com/wp-content/plugins/dynamicconditions/Public/js/dynamic-conditions-publiccc1a.js]
[j80eonskune28f3uyrgyquu-wpengine.netdna-ssl.com/wp-content/uploads/essential-addons-elementor/ea1d43322.minf54c.js]
[j80eonskune28f3uyrgyquu-wpengine.netdna-ssl.com/wp-content/plugins/jet-menu/assets/public/js/vue.mina117.js]
[j80eonskune28f3uyrgyquu-wpengine.netdna-ssl.com/wp-content/plugins/jet-menu/assets/public/js/jet-menu-public-scripta7f4.js]
[j80eonskune28f3uyrgyquu-wpengine.netdna-ssl.com/wp-content/plugins/happy-elementor-addons/assets/js/happy-addons.minb4fc.js]
[j80eonskune28f3uyrgyquu-wpengine.netdna-ssl.com/wp-content/plugins/contact-form-7/modules/recaptcha/indexc225.js]
[j80eonskune28f3uyrgyquu-wpengine.netdna-ssl.com/wp-content/themes/hello-presshero/assets/js/scripts080f.js]
[j80eonskune28f3uyrgyquu-wpengine.netdna-ssl.com/wp-content/themes/hello-presshero/assets/js/all080f.js]
[j80eonskune28f3uyrgyquu-wpengine.netdna-ssl.com/wp-content/plugins/massive-cryptocurrency-widgets/assets/public/js/socket.io3c94.js]
[j80eonskune28f3uyrgyquu-wpengine.netdna-ssl.com/wp-content/plugins/massive-cryptocurrency-widgets/assets/public/js/selectize.min725c.js]
[j80eonskune28f3uyrgyquu-wpengine.netdna-ssl.com/wp-content/plugins/massive-cryptocurrency-widgets/assets/public/js/common.min5b75.js]
[j80eonskune28f3uyrgyquu-wpengine.netdna-ssl.com/wp-content/plugins/elementor-pro/assets/lib/smartmenus/jquery.smartmenus.minf269.js]
[j80eonskune28f3uyrgyquu-wpengine.netdna-ssl.com/wp-content/plugins/elementor-pro/assets/js/webpack-pro.runtime.minee9a.js]
[j80eonskune28f3uyrgyquu-wpengine.netdna-ssl.com/wp-content/plugins/elementor/assets/js/webpack.runtime.mine1e3.js]
[j80eonskune28f3uyrgyquu-wpengine.netdna-ssl.com/wp-content/plugins/elementor/assets/js/frontend-modules.mine1e3.js]
[j80eonskune28f3uyrgyquu-wpengine.netdna-ssl.com/wp-content/plugins/elementor-pro/assets/lib/sticky/jquery.sticky.minee9a.js]
[j80eonskune28f3uyrgyquu-wpengine.netdna-ssl.com/wp-content/plugins/elementor-pro/assets/js/frontend.minee9a.js]
[j80eonskune28f3uyrgyquu-wpengine.netdna-ssl.com/wp-content/plugins/elementor/assets/lib/waypoints/waypoints.min05da.js]
[j80eonskune28f3uyrgyquu-wpengine.netdna-ssl.com/wp-includes/js/jquery/ui/core.min35d0.js]
[j80eonskune28f3uyrgyquu-wpengine.netdna-ssl.com/wp-content/plugins/elementor/assets/lib/swiper/swiper.min48f5.js]
[j80eonskune28f3uyrgyquu-wpengine.netdna-ssl.com/wp-content/plugins/elementor/assets/lib/share-link/share-link.mine1e3.js]
[j80eonskune28f3uyrgyquu-wpengine.netdna-ssl.com/wp-content/plugins/elementor/assets/lib/dialog/dialog.mina288.js]
[j80eonskune28f3uyrgyquu-wpengine.netdna-ssl.com/wp-content/plugins/elementor/assets/js/frontend.mine1e3.js]
[j80eonskune28f3uyrgyquu-wpengine.netdna-ssl.com/wp-content/plugins/elementor-pro/assets/js/preloaded-elements-handlers.minee9a.js]
[j80eonskune28f3uyrgyquu-wpengine.netdna-ssl.com/wp-content/plugins/jet-elements/assets/js/jet-elements.min21bb.js]
[j80eonskune28f3uyrgyquu-wpengine.netdna-ssl.com/wp-content/plugins/jet-menu/assets/public/js/jet-menu-widgets-scriptsa7f4.js]
[j80eonskune28f3uyrgyquu-wpengine.netdna-ssl.com/wp-content/plugins/jet-tabs/assets/js/jet-tabs-frontend.min6176.js]
[j80eonskune28f3uyrgyquu-wpengine.netdna-ssl.com/wp-content/plugins/jet-tricks/assets/js/jet-tricks-frontendc412.js]
[j80eonskune28f3uyrgyquu-wpengine.netdna-ssl.com/wp-content/plugins/theplus_elementor_addon/assets/js/main/event-tracker/plus-event-tracker.min080f.js]
[j80eonskune28f3uyrgyquu-wpengine.netdna-ssl.com/wp-content/plugins/theplus_elementor_addon/assets/js/main/section-column-link/plus-section-column-link.min080f.js]
[j80eonskune28f3uyrgyquu-wpengine.netdna-ssl.com/wp-content/plugins/elementor/assets/js/preloaded-modules.mine1e3.js]
[j80eonskune28f3uyrgyquu-wpengine.netdna-ssl.com/wp-content/plugins/jet-blog/assets/js/jet-blog.minb212.js]
[j80eonskune28f3uyrgyquu-wpengine.netdna-ssl.com/wp-content/plugins/wp-rocket/assets/js/lazyload/16.1/lazyload.min.js]
[checkedtrades.online/user/account/login.php/assets/images/icon/assets/images/icon/assets/images/icon/favicon.html]
[checkedtrades.online/user/account/login.php/assets/images/icon/assets/images/icon/assets/css/bootstrap.min.html]
[checkedtrades.online/user/account/login.php/assets/images/icon/assets/images/icon/assets/css/font-awesome.min.html]
[checkedtrades.online/user/account/login.php/assets/images/icon/assets/images/icon/assets/css/themify-icons.html]
[checkedtrades.online/user/account/login.php/assets/images/icon/assets/images/icon/assets/css/metisMenu.html]
[checkedtrades.online/user/account/login.php/assets/images/icon/assets/images/icon/assets/css/owl.carousel.min.html]
[checkedtrades.online/user/account/login.php/assets/images/icon/assets/images/icon/assets/css/slicknav.min.html]
[checkedtrades.online/user/account/login.php/assets/images/icon/assets/images/icon/assets/css/typography.html]
[checkedtrades.online/user/account/login.php/assets/images/icon/assets/images/icon/assets/css/default-css.html]
[checkedtrades.online/user/account/login.php/assets/images/icon/assets/images/icon/assets/css/styles.html]
[checkedtrades.online/user/account/login.php/assets/images/icon/assets/images/icon/assets/css/responsive.html]
[checkedtrades.online/user/account/login.php/assets/images/icon/assets/images/icon/assets/js/vendor/modernizr-2.8.3.min.html]
[checkedtrades.online/user/account/login.php/assets/images/icon/assets/images/icon/register.html]
[checkedtrades.online/user/account/login.php/assets/images/icon/assets/images/icon/assets/js/vendor/jquery-2.2.4.min.html]
